---
source: tests/backend_rust.rs
expression: "format!(\"compiles (rust) ({}):\\n{}\\n\\nnot yet ({}):\\n{}\", supported.len(),\nsupported.join(\"\\n\"), unsupported.len(), unsupported.join(\"\\n\"))"
---
compiles (rust) (151):
adults
arith_add
arith_div_trunc
arith_mul
arith_neg
arith_precedence
arith_rem_sign
arith_sub
bool_result
call_without_parens
concat
concat_chain
concat_empty
concat_flattens
concat_records
cond_branches_from_annotation
cond_chain
cond_false
cond_in_map
cond_true
control_char_escapes
div_by_zero
empty_keep_is_identity
empty_result
empty_vec_under_annotation
enum_input
enum_inputs
enum_inputs_reject
enum_match
enum_match_default
enum_payload_variant
enum_scalar_input
enum_scalar_input_reject
enum_scalar_payload
enum_string_ascription
enum_unit_variant
enum_variant_at_runtime
enum_vec_payload
escapes
extent_of_vec
field_key_case_is_significant
fields_basic
fields_reflects_checked_order
filter
filter_strings
fizzbuzz
fizzbuzz_arms
forward_reference
generic_enum_input
generic_enum_match
generic_enum_of_reordered_record_crossing_a_call
generic_enum_payload
generic_enum_two_instantiations
generic_enum_unit_expectation
greet
hello
index_negative
index_negative_out_of_range
index_out_of_range
index_positive
index_ragged_inner
index_ragged_present
index_strings
input_typed_by_first_use
inputs_records
inputs_scalars
int_result
jq_tutorial
jq_tutorial_step4
jsonlines_enum_stream
jsonlines_of_inputs
jsonlines_of_lines
jsonlines_record_with_vec_field
jsonlines_scalars
lines_cat
lines_preserve_crlf
lines_stream_signature
lines_unterminated_final_line
map_after_select
map_body_from_expected_element
map_double
map_empty
map_guard_chain_over_vec_field
map_records
map_to_bool
map_to_nested_record
map_to_record
map_to_str
match_arms_from_annotation
match_partial_guards
match_partial_opt_arms
nested_field_access
nullary_function
opt_constructors
opt_holds_an_empty_vec
opt_in_a_function_signature
opt_is_absent_not_empty
opt_nesting_flattens
opt_of_reordered_record_crossing_a_call
opt_unwrap_of_none_refuses
opt_unwrap_peels_one_level
pipe_chain
plus_concats
projection_in_record_value
pub_in_a_program
range_basic
range_empty
range_index
range_negative
record_body_after_definition
record_field_order_is_not_type_identity
record_in_a_record
record_in_a_record_two_deep
record_literal
record_literal_empty
record_literal_nested
record_result
record_valued_field
rem_by_zero
shadowing_print
str_concat
str_equality
str_inequality
str_negative
str_of_element
str_ordering
str_ordering_codepoint
str_positive
str_zero
tail_drops_first
tail_of_empty_refuses
type_alias
undeclared_input_fields
unicode_input
unicode_quote
unlines_one
unpaired_surrogate_input
unwrap_absent
unwrap_int
unwrap_negative
unwrap_nested
unwrap_str
vec_of_reordered_records_crossing_a_call
vec_through_function
wrap_add
wrap_div_min
wrap_mul
wrap_mul_square
wrap_neg_min
wrap_rem_min
wrap_sub

not yet (0):
