---
source: tests/backend_llvm.rs
expression: "format!(\"compiles natively ({}):\\n{}\\n\\nnot yet ({}):\\n{}\", supported.len(),\nsupported.join(\"\\n\"), unsupported.len(), unsupported.join(\"\\n\"))"
---
compiles natively (1):
hello

not yet (18):
adults: the native backend cannot compile functions yet
bool_result: the native backend cannot compile a Bool result yet
concat: the native backend cannot compile any expression but a string literal yet
concat_chain: the native backend cannot compile any expression but a string literal yet
empty_result: the native backend cannot compile a Vec<Int> result yet
escapes: the native backend cannot compile a Vec<Str> result yet
filter: the native backend cannot compile a Vec<Int> result yet
filter_strings: the native backend cannot compile a Vec<Str> result yet
forward_reference: the native backend cannot compile functions yet
greet: the native backend cannot compile functions yet
int_result: the native backend cannot compile functions yet
nested_field_access: the native backend cannot compile functions yet
pipe_chain: the native backend cannot compile a Vec<Int> result yet
projection_identity: the native backend cannot compile a Vec<Int> result yet
record_result: the native backend cannot compile functions yet
shadowing_print: the native backend cannot compile functions yet
undeclared_input_fields: the native backend cannot compile functions yet
vec_through_function: the native backend cannot compile functions yet
