---
source: tests/backend_llvm.rs
expression: "toylang::emit_llvm::to_ir(&program).unwrap()"
---
; ModuleID = 'toylang'
source_filename = "toylang"

@bytes.0 = private constant [12 x i8] c"hello world\00"
@str.0 = private constant { ptr, i64 } { ptr @bytes.0, i64 11 }

declare ptr @tl_concat(ptr, ptr)

declare ptr @tl_int_to_str(i64)

declare i64 @tl_str_eq(ptr, ptr)

declare i64 @tl_str_cmp(ptr, ptr)

declare void @tl_print(ptr)

declare ptr @tl_quote(ptr)

declare ptr @tl_str_join(ptr, ptr, ptr, ptr)

declare ptr @tl_vec_new(i64, i64)

declare i64 @tl_vec_len(ptr)

declare i64 @tl_vec_get(ptr, i64, i64)

declare void @tl_vec_set(ptr, i64, i64, i64)

declare ptr @tl_vec_from_mask(ptr, ptr)

declare ptr @tl_mask_new(i64)

declare void @tl_mask_set(ptr, i64, i64)

declare ptr @tl_vec_column(ptr, i64)

declare i64 @tl_rec_get(ptr, i64)

declare ptr @tl_rec_new(i64)

declare ptr @tl_collect_lines()

declare void @tl_rec_set(ptr, i64, i64)

declare i64 @tl_read_input(ptr)

declare ptr @tl_rec_from_vec(ptr, i64)

declare ptr @tl_at(ptr, i64, i64, i32)

declare i64 @tl_opt_is_some(ptr)

declare i64 @tl_opt_get(ptr)

declare ptr @tl_unwrap(ptr, i64)

declare void @tl_div_by_zero()

declare ptr @tl_range(i64)

define i32 @main() {
entry:
  call void @tl_print(ptr @str.0)
  ret i32 0
}
