---
source: tests/backend_llvm.rs
expression: "format!(\"compiles natively ({}):\\n{}\\n\\nnot yet ({}):\\n{}\", supported.len(),\nsupported.join(\"\\n\"), unsupported.len(), unsupported.join(\"\\n\"))"
---
compiles natively (22):
adults
bool_result
concat
concat_chain
empty_result
escapes
filter
filter_strings
forward_reference
greet
hello
int_result
nested_field_access
pipe_chain
projection_identity
record_result
shadowing_print
str_equality
str_inequality
str_ordering
undeclared_input_fields
vec_through_function

not yet (0):
