---
source: tests/corpus.rs
expression: emitted
---
function tl_join(v, f) {
  const parts = [];
  for (let i = 0; i < v.length; i++) parts.push(f(v[i]));
  return "[" + parts.join(",") + "]";
}
function tl_show_Json(v) {
  return ((n0) => n0["Arr"] !== undefined ? ("{\"Arr\":" + tl_join(n0["Arr"], (e1) => tl_show_Json(e1)) + "}") : ("{\"Num\":" + String(n0["Num"]) + "}"))(v);
}
console.log(tl_show_Json(({"Arr": [({"Num": 1}), ({"Arr": [({"Num": 2})]}), ({"Num": 3})]})));
