---
source: tests/corpus.rs
expression: emitted
---
package main

import (
	"fmt"
	"strconv"
)

func tlPtr[T any](v T) *T { return &v }

func tlInt(n int32) int32 { return n }

type tlE_Box_Int struct {
	tag int32
	p0 *int32
}

func main() {
	fmt.Println(func(n0 tlE_Box_Int) string { if n0.tag == 0 { return ("{\"Wrap\":" + strconv.FormatInt(int64((*n0.p0)), 10) + "}") }; return "\"Empty\"" }(tlE_Box_Int{tag: 0, p0: tlPtr(tlInt(5))}))
}
