---
source: tests/generics.rs
assertion_line: 221
expression: "err(\"trait Area {\\n    fn area(s: Self) -> Int\\n}\\n\\ntrait Size {\\n    fn area(s: Self) -> Int\\n}\\n\\ntype Circle = {r: Int}\\n\\nimpl Area for Circle {\\n    fn area(s: Self) -> Int = s.r * s.r\\n}\\n\\nimpl Size for Circle {\\n    fn area(s: Self) -> Int = s.r\\n}\\n\\n1\")"
---
`area` is already implemented for {r: Int} (at byte 205)
