---
source: tests/step_5.rs
expression: "format!(\"-- input : {}\\n-- : {}\\n{}\", p.input.clone().unwrap(), p.body.ty,\ntoylang::emit_lua::emit(&p))"
---
-- input : {users: Vec<{name: Str, age: Int}>}
-- : Vec<Str>
local tl_select_mt = {}
local function tl_sel_build(self)
  if rawget(self, "idx") == nil then
    local src = rawget(self, "src")
    local pred = rawget(self, "pred")
    local idx = {}
    for i = 1, #src do
      if pred(src[i]) then idx[#idx + 1] = i end
    end
    rawset(self, "idx", idx)
  end
end
local function tl_sel_dense(self)
  tl_sel_build(self)
  local dense = rawget(self, "dense")
  if dense ~= nil then return dense end
  local src = rawget(self, "src")
  local idx = rawget(self, "idx")
  dense = {}
  for j = 1, #idx do dense[j] = src[idx[j]] end
  rawset(self, "dense", dense)
  return dense
end
tl_select_mt.__len = function(self)
  tl_sel_build(self)
  return #rawget(self, "idx")
end
tl_select_mt.__index = function(self, k)
  if k == "src" then return rawget(self, "src") end
  if k == "pred" then return rawget(self, "pred") end
  if k == "idx" then return rawget(self, "idx") end
  if k == "dense" then return rawget(self, "dense") end
  if type(k) == "number" then
    tl_sel_build(self)
    local n = #rawget(self, "idx")
    if k < 0 then k = n + k + 1 end
    if k >= 1 and k <= n then return rawget(self, "src")[rawget(self, "idx")[k]] end
  end
  return nil
end
tl_select_mt.__pairs = function(self) return pairs(tl_sel_dense(self)) end
tl_select_mt.__ipairs = function(self) return ipairs(tl_sel_dense(self)) end
local function tl_select(src, pred)
  return setmetatable({ src = src, pred = pred, _tl_sel = true }, tl_select_mt)
end
local function tl_field(v, k, depth)
  if depth == 0 then return v[k] end
  local out = {}
  for i = 1, #v do out[i] = tl_field(v[i], k, depth - 1) end
  return out
end
local function tl_quote(s)
  return '"' .. s:gsub('[%c"\\]', function(c)
    if c == '"' then return '\\"' end
    if c == '\\' then return '\\\\' end
    if c == '\n' then return '\\n' end
    if c == '\r' then return '\\r' end
    if c == '\t' then return '\\t' end
    if c == '\127' then return c end
    return string.format('\\u%04x', c:byte())
  end) .. '"'
end
local function tl_join(v, f)
  local parts = {}
  for i = 1, #v do parts[i] = f(v[i]) end
  return "[" .. table.concat(parts, ",") .. "]"
end
local v_adults
function v_adults(v_db)
  return (function(t_2) return tl_field(t_2, "name", 1) end)((function(t_0) return tl_select(t_0, function(t_1) return (t_1["age"] >= 18) end) end)(v_db["users"]))
end
print(tl_join(v_adults(t_input), function(e0) return tl_quote(e0) end))
