---
source: tests/step_5.rs
expression: "format!(\"-- input : {}\\n-- : {}\\n{}\", p.input.clone().unwrap(), p.body.ty,\ntoylang::emit_lua::emit(&p))"
---
-- input : {users: Vec<{name: Str, age: Int}>}
-- : Vec<Str>
local function tl_select(src, pred)
  local out = {}
  for i = 1, #src do
    if pred(src[i]) then out[#out + 1] = src[i] end
  end
  return out
end
local function tl_field(v, k, depth)
  if depth == 0 then return v[k] end
  local out = {}
  for i = 1, #v do out[i] = tl_field(v[i], k, depth - 1) end
  return out
end
local function tl_quote(s)
  return '"' .. s:gsub('[%c"\\]', function(c)
    if c == '"' then return '\\"' end
    if c == '\\' then return '\\\\' end
    if c == '\n' then return '\\n' end
    if c == '\r' then return '\\r' end
    if c == '\t' then return '\\t' end
    return string.format('\\u%04x', c:byte())
  end) .. '"'
end
local function tl_join(v, f)
  local parts = {}
  for i = 1, #v do parts[i] = f(v[i]) end
  return "[" .. table.concat(parts, ",") .. "]"
end
local v_adults
function v_adults(v_db)
  return (function(t_2) return tl_field(t_2, "name", 1) end)((function(t_0) return tl_select(t_0, function(t_1) return (t_1["age"] >= 18) end) end)(v_db["users"]))
end
print(tl_join(v_adults(t_input), function(e0) return tl_quote(e0) end))
