---
source: tests/variant_casing.rs
expression: "err(\"enum Shape { Point, Circle{r: Int} }\\n\\n\\\n         fn f(s: Shape) -> Int = s | point -> 0 or Circle{r} -> r\\n\\n\\\n         f(Shape.point)\")"
---
`point` is the constructor, not a matcher; a pattern names the matcher, so write `Point` (at byte 66)
